// Jest Snapshot v1, https://goo.gl/fbAQLP

exports[`Header component renders Header 1`] = `
<DocumentFragment>
  <header>
    Rick and Morty
    <div>
      <a
        href="/"
      >
        <button>
          Home
        </button>
      </a>
    </div>
  </header>
</DocumentFragment>
`;
